Traceback (most recent call last):
  File "/opt/hostedtoolcache/Python/3.12.14/x64/lib/python3.12/site-packages/jupyter_cache/executors/utils.py", line 58, in single_nb_execution
    executenb(
  File "/opt/hostedtoolcache/Python/3.12.14/x64/lib/python3.12/site-packages/nbclient/client.py", line 1323, in execute
    return NotebookClient(nb=nb, resources=resources, km=km, **kwargs).execute()
           ^^^^^^^^^^^^^^^^^^^^^^^^^^^^^^^^^^^^^^^^^^^^^^^^^^^^^^^^^^^^^^^^^^^^^
  File "/opt/hostedtoolcache/Python/3.12.14/x64/lib/python3.12/site-packages/jupyter_core/utils/__init__.py", line 165, in wrapped
    return loop.run_until_complete(inner)
           ^^^^^^^^^^^^^^^^^^^^^^^^^^^^^^
  File "/opt/hostedtoolcache/Python/3.12.14/x64/lib/python3.12/asyncio/base_events.py", line 691, in run_until_complete
    return future.result()
           ^^^^^^^^^^^^^^^
  File "/opt/hostedtoolcache/Python/3.12.14/x64/lib/python3.12/site-packages/nbclient/client.py", line 709, in async_execute
    await self.async_execute_cell(
  File "/opt/hostedtoolcache/Python/3.12.14/x64/lib/python3.12/site-packages/nbclient/client.py", line 1062, in async_execute_cell
    await self._check_raise_for_error(cell, cell_index, exec_reply)
  File "/opt/hostedtoolcache/Python/3.12.14/x64/lib/python3.12/site-packages/nbclient/client.py", line 918, in _check_raise_for_error
    raise CellExecutionError.from_cell_and_msg(cell, exec_reply_content)
nbclient.exceptions.CellExecutionError: An error occurred while executing the following cell:
------------------
import os

os.environ.setdefault("XLA_FLAGS", "--xla_force_host_platform_device_count=1")

import jax
import matplotlib.pyplot as plt
import numpy as np

jax.config.update("jax_enable_x64", True)

from log_psplines.arviz_utils import (
    get_multivar_posterior_psd_quantiles,
    get_multivar_vi_psd_quantiles,
)
from log_psplines.data import TimeSeries
from log_psplines.mcmc import run_mcmc
from log_psplines.config import PipelineConfig
from log_psplines.plotting import PSDMatrixPlotSpec, plot_psd_matrix
from log_psplines.example_datasets import VARMAData
------------------


[31m---------------------------------------------------------------------------[39m
[31mTypeError[39m                                 Traceback (most recent call last)
[36mCell[39m[36m [39m[32mIn[1][39m[32m, line 11[39m
[32m      7[39m [38;5;28;01mimport[39;00m numpy [38;5;28;01mas[39;00m np
[32m      8[39m 
[32m      9[39m jax.config.update([33m"jax_enable_x64"[39m, [38;5;28;01mTrue[39;00m)
[32m     10[39m 
[32m---> [39m[32m11[39m from log_psplines.arviz_utils import (
[32m     12[39m     get_multivar_posterior_psd_quantiles,
[32m     13[39m     get_multivar_vi_psd_quantiles,
[32m     14[39m )

[36mFile [39m[32m~/work/LogPSplinePSD/LogPSplinePSD/src/log_psplines/__init__.py:8[39m
[32m      5[39m     __version__ = [33m"[39m[33m0+unknown[39m[33m"[39m
[32m      6[39m     __commit_id__ = [38;5;28;01mNone[39;00m
[32m----> [39m[32m8[39m [38;5;28;01mfrom[39;00m[38;5;250m [39m[34;01m.[39;00m[34;01mbasis[39;00m[38;5;250m [39m[38;5;28;01mimport[39;00m SplineBasis
[32m      9[39m [38;5;28;01mfrom[39;00m[38;5;250m [39m[34;01m.[39;00m[34;01mmodels[39;00m[34;01m.[39;00m[34;01mspectrum[39;00m[38;5;250m [39m[38;5;28;01mimport[39;00m LogPSpline
[32m     10[39m [38;5;28;01mfrom[39;00m[38;5;250m [39m[34;01m.[39;00m[34;01mmodels[39;00m[34;01m.[39;00m[34;01mmatrix[39;00m[38;5;250m [39m[38;5;28;01mimport[39;00m SpectralMatrix

[36mFile [39m[32m~/work/LogPSplinePSD/LogPSplinePSD/src/log_psplines/basis/__init__.py:1[39m
[32m----> [39m[32m1[39m [38;5;28;01mfrom[39;00m[38;5;250m [39m[34;01mlog_psplines[39;00m[34;01m.[39;00m[34;01mbasis[39;00m[34;01m.[39;00m[34;01msplines[39;00m[38;5;250m [39m[38;5;28;01mimport[39;00m SplineBasis
[32m      3[39m __all__ = [[33m"[39m[33mSplineBasis[39m[33m"[39m]

[36mFile [39m[32m~/work/LogPSplinePSD/LogPSplinePSD/src/log_psplines/basis/splines.py:10[39m
[32m      8[39m [38;5;28;01mfrom[39;00m[38;5;250m [39m[34;01mscipy[39;00m[34;01m.[39;00m[34;01minterpolate[39;00m[38;5;250m [39m[38;5;28;01mimport[39;00m BSpline
[32m      9[39m [38;5;28;01mfrom[39;00m[38;5;250m [39m[34;01mskfda[39;00m[34;01m.[39;00m[34;01mmisc[39;00m[34;01m.[39;00m[34;01moperators[39;00m[38;5;250m [39m[38;5;28;01mimport[39;00m LinearDifferentialOperator
[32m---> [39m[32m10[39m [38;5;28;01mfrom[39;00m[38;5;250m [39m[34;01mskfda[39;00m[34;01m.[39;00m[34;01mmisc[39;00m[34;01m.[39;00m[34;01mregularization[39;00m[38;5;250m [39m[38;5;28;01mimport[39;00m L2Regularization
[32m     11[39m [38;5;28;01mfrom[39;00m[38;5;250m [39m[34;01mskfda[39;00m[34;01m.[39;00m[34;01mrepresentation[39;00m[34;01m.[39;00m[34;01mbasis[39;00m[38;5;250m [39m[38;5;28;01mimport[39;00m BSplineBasis
[32m     13[39m [38;5;28;01mfrom[39;00m[38;5;250m [39m[34;01m.[39;00m[34;01mpenalty[39;00m[38;5;250m [39m[38;5;28;01mimport[39;00m create_bspline_roughness_penalty

[36mFile [39m[32m<frozen importlib._bootstrap>:1412[39m, in [36m_handle_fromlist[39m[34m(module, fromlist, import_, recursive)[39m

[36mFile [39m[32m/opt/hostedtoolcache/Python/3.12.14/x64/lib/python3.12/site-packages/lazy_loader/__init__.py:78[39m, in [36mattach.<locals>.__getattr__[39m[34m(name)[39m
[32m     76[39m [38;5;28;01melif[39;00m name [38;5;129;01min[39;00m attr_to_modules:
[32m     77[39m     submod_path = [33mf[39m[33m"[39m[38;5;132;01m{[39;00mpackage_name[38;5;132;01m}[39;00m[33m.[39m[38;5;132;01m{[39;00mattr_to_modules[name][38;5;132;01m}[39;00m[33m"[39m
[32m---> [39m[32m78[39m     submod = [30;43mimportlib[39;49m[30;43m.[39;49m[30;43mimport_module[39;49m[30;43m([39;49m[30;43msubmod_path[39;49m[30;43m)[39;49m
[32m     79[39m     attr = [38;5;28mgetattr[39m(submod, name)
[32m     81[39m     [38;5;66;03m# If the attribute lives in a file (module) with the same[39;00m
[32m     82[39m     [38;5;66;03m# name as the attribute, ensure that the attribute and *not*[39;00m
[32m     83[39m     [38;5;66;03m# the module is accessible on the package.[39;00m

[36mFile [39m[32m/opt/hostedtoolcache/Python/3.12.14/x64/lib/python3.12/importlib/__init__.py:90[39m, in [36mimport_module[39m[34m(name, package)[39m
[32m     88[39m             [38;5;28;01mbreak[39;00m
[32m     89[39m         level += [32m1[39m
[32m---> [39m[32m90[39m [38;5;28;01mreturn[39;00m [30;43m_bootstrap[39;49m[30;43m.[39;49m[30;43m_gcd_import[39;49m[30;43m([39;49m[30;43mname[39;49m[30;43m[[39;49m[30;43mlevel[39;49m[30;43m:[39;49m[30;43m][39;49m[30;43m,[39;49m[30;43m [39;49m[30;43mpackage[39;49m[30;43m,[39;49m[30;43m [39;49m[30;43mlevel[39;49m[30;43m)[39;49m

[36mFile [39m[32m/opt/hostedtoolcache/Python/3.12.14/x64/lib/python3.12/site-packages/skfda/misc/regularization/_regularization.py:14[39m
[32m     12[39m [38;5;28;01mfrom[39;00m[38;5;250m [39m[34;01m.[39;00m[34;01m.[39;00m[34;01m.[39;00m[34;01mrepresentation[39;00m[34;01m.[39;00m[34;01mbasis[39;00m[38;5;250m [39m[38;5;28;01mimport[39;00m Basis
[32m     13[39m [38;5;28;01mfrom[39;00m[38;5;250m [39m[34;01m.[39;00m[34;01m.[39;00m[34;01m.[39;00m[34;01mtyping[39;00m[34;01m.[39;00m[34;01m_numpy[39;00m[38;5;250m [39m[38;5;28;01mimport[39;00m NDArrayFloat
[32m---> [39m[32m14[39m [38;5;28;01mfrom[39;00m[38;5;250m [39m[34;01m.[39;00m[34;01m.[39;00m[34;01moperators[39;00m[38;5;250m [39m[38;5;28;01mimport[39;00m Identity, Operator, gram_matrix
[32m     15[39m [38;5;28;01mfrom[39;00m[38;5;250m [39m[34;01m.[39;00m[34;01m.[39;00m[34;01moperators[39;00m[34;01m.[39;00m[34;01m_operators[39;00m[38;5;250m [39m[38;5;28;01mimport[39;00m OperatorInput
[32m     18[39m [38;5;28;01mclass[39;00m[38;5;250m [39m[34;01mL2Regularization[39;00m(
[32m     19[39m     BaseEstimator,
[32m     20[39m     Generic[OperatorInput],
[32m     21[39m ):

[36mFile [39m[32m<frozen importlib._bootstrap>:1412[39m, in [36m_handle_fromlist[39m[34m(module, fromlist, import_, recursive)[39m

[36mFile [39m[32m/opt/hostedtoolcache/Python/3.12.14/x64/lib/python3.12/site-packages/lazy_loader/__init__.py:78[39m, in [36mattach.<locals>.__getattr__[39m[34m(name)[39m
[32m     76[39m [38;5;28;01melif[39;00m name [38;5;129;01min[39;00m attr_to_modules:
[32m     77[39m     submod_path = [33mf[39m[33m"[39m[38;5;132;01m{[39;00mpackage_name[38;5;132;01m}[39;00m[33m.[39m[38;5;132;01m{[39;00mattr_to_modules[name][38;5;132;01m}[39;00m[33m"[39m
[32m---> [39m[32m78[39m     submod = [30;43mimportlib[39;49m[30;43m.[39;49m[30;43mimport_module[39;49m[30;43m([39;49m[30;43msubmod_path[39;49m[30;43m)[39;49m
[32m     79[39m     attr = [38;5;28mgetattr[39m(submod, name)
[32m     81[39m     [38;5;66;03m# If the attribute lives in a file (module) with the same[39;00m
[32m     82[39m     [38;5;66;03m# name as the attribute, ensure that the attribute and *not*[39;00m
[32m     83[39m     [38;5;66;03m# the module is accessible on the package.[39;00m

[36mFile [39m[32m/opt/hostedtoolcache/Python/3.12.14/x64/lib/python3.12/importlib/__init__.py:90[39m, in [36mimport_module[39m[34m(name, package)[39m
[32m     88[39m             [38;5;28;01mbreak[39;00m
[32m     89[39m         level += [32m1[39m
[32m---> [39m[32m90[39m [38;5;28;01mreturn[39;00m [30;43m_bootstrap[39;49m[30;43m.[39;49m[30;43m_gcd_import[39;49m[30;43m([39;49m[30;43mname[39;49m[30;43m[[39;49m[30;43mlevel[39;49m[30;43m:[39;49m[30;43m][39;49m[30;43m,[39;49m[30;43m [39;49m[30;43mpackage[39;49m[30;43m,[39;49m[30;43m [39;49m[30;43mlevel[39;49m[30;43m)[39;49m

[36mFile [39m[32m/opt/hostedtoolcache/Python/3.12.14/x64/lib/python3.12/site-packages/skfda/misc/operators/_identity.py:31[39m
[32m     27[39m     [38;5;28;01mdef[39;00m[38;5;250m [39m[34m__call__[39m([38;5;28mself[39m, f: T) -> T:  [38;5;66;03m# noqa: D102[39;00m
[32m     28[39m         [38;5;28;01mreturn[39;00m f
[32m---> [39m[32m31[39m [30;43m@gram_matrix_optimization[39;49m[30;43m.[39;49m[30;43mregister[39;49m
[32m     32[39m [30;43;01mdef[39;49;00m[30;43m [39;49m[30;43mbasis_penalty_matrix_optimized[39;49m[30;43m([39;49m
[32m     33[39m [30;43m    [39;49m[30;43mlinear_operator[39;49m[30;43m:[39;49m[30;43m [39;49m[30;43mIdentity[39;49m[30;43m[[39;49m[30;43mAny[39;49m[30;43m][39;49m[30;43m,[39;49m
[32m     34[39m [30;43m    [39;49m[30;43mbasis[39;49m[30;43m:[39;49m[30;43m [39;49m[30;43mBasis[39;49m[30;43m,[39;49m
[32m     35[39m [30;43m)[39;49m[30;43m [39;49m[30;43m-[39;49m[30;43m>[39;49m[30;43m [39;49m[30;43mNDArrayFloat[39;49m[30;43m:[39;49m
[32m     36[39m [30;43m    [39;49m[30;43;03m"""Optimized version of the penalty matrix for Basis."""[39;49;00m
[32m     37[39m [30;43m    [39;49m[30;43;01mreturn[39;49;00m[30;43m [39;49m[30;43mbasis[39;49m[30;43m.[39;49m[30;43mgram_matrix[39;49m[30;43m([39;49m[30;43m)[39;49m

[36mFile [39m[32m/opt/hostedtoolcache/Python/3.12.14/x64/lib/python3.12/site-packages/multimethod/__init__.py:294[39m, in [36mmultimethod.register[39m[34m(self, *args)[39m
[32m    289[39m [38;5;250m[39m[33;03m"""Decorator for registering a function.[39;00m
[32m    290[39m 
[32m    291[39m [33;03mOptionally call with types to return a decorator for unannotated functions.[39;00m
[32m    292[39m [33;03m"""[39;00m
[32m    293[39m [38;5;28;01mif[39;00m [38;5;28mlen[39m(args) == [32m1[39m [38;5;129;01mand[39;00m [38;5;28mhasattr[39m(args[[32m0[39m], [33m"[39m[33m__annotations__[39m[33m"[39m):
[32m--> [39m[32m294[39m     [30;43mmultimethod[39;49m[30;43m.[39;49m[30;43m__init__[39;49m[30;43m([39;49m[30;43mself[39;49m[30;43m,[39;49m[30;43m [39;49m[30;43m*[39;49m[30;43margs[39;49m[30;43m)[39;49m
[32m    295[39m     [38;5;28;01mreturn[39;00m [38;5;28mself[39m [38;5;28;01mif[39;00m [38;5;28mself[39m.[34m__name__[39m == args[[32m0[39m].[34m__name__[39m [38;5;28;01melse[39;00m args[[32m0[39m]
[32m    296[39m [38;5;28;01mreturn[39;00m [38;5;28;01mlambda[39;00m func: [38;5;28mself[39m.[34m__setitem__[39m(args, func) [38;5;129;01mor[39;00m func

[36mFile [39m[32m/opt/hostedtoolcache/Python/3.12.14/x64/lib/python3.12/site-packages/multimethod/__init__.py:278[39m, in [36mmultimethod.__init__[39m[34m(self, func)[39m
[32m    276[39m [38;5;28;01mdef[39;00m[38;5;250m [39m[34m__init__[39m([38;5;28mself[39m, func: Callable):
[32m    277[39m     [38;5;28;01mtry[39;00m:
[32m--> [39m[32m278[39m         [38;5;28mself[39m[[30;43msignature[39;49m[30;43m.[39;49m[30;43mfrom_hints[39;49m[30;43m([39;49m[30;43mfunc[39;49m[30;43m)[39;49m] = func
[32m    279[39m     [38;5;28;01mexcept[39;00m ([38;5;167;01mNameError[39;00m, [38;5;167;01mAttributeError[39;00m):
[32m    280[39m         [38;5;28mself[39m.pending.add(func)

[36mFile [39m[32m/opt/hostedtoolcache/Python/3.12.14/x64/lib/python3.12/site-packages/multimethod/__init__.py:238[39m, in [36msignature.from_hints[39m[34m(cls, func)[39m
[32m    236[39m hints = [type_hints.get(param.name, [38;5;28mobject[39m) [38;5;28;01mfor[39;00m param [38;5;129;01min[39;00m params]
[32m    237[39m required = [38;5;28msum[39m(param.default [38;5;129;01mis[39;00m param.empty [38;5;28;01mfor[39;00m param [38;5;129;01min[39;00m params)
[32m--> [39m[32m238[39m [38;5;28;01mreturn[39;00m [30;43mcls[39;49m[30;43m([39;49m[30;43mhints[39;49m[30;43m,[39;49m[30;43m [39;49m[30;43mrequired[39;49m[30;43m)[39;49m

[36mFile [39m[32m/opt/hostedtoolcache/Python/3.12.14/x64/lib/python3.12/site-packages/multimethod/__init__.py:219[39m, in [36msignature.__new__[39m[34m(cls, types, required)[39m
[32m    218[39m [38;5;28;01mdef[39;00m[38;5;250m [39m[34m__new__[39m([38;5;28mcls[39m, types: Iterable, required: [38;5;28mint[39m | [38;5;28;01mNone[39;00m = [38;5;28;01mNone[39;00m):
[32m--> [39m[32m219[39m     [38;5;28;01mreturn[39;00m [30;43mtuple[39;49m[30;43m.[39;49m[30;43m__new__[39;49m[30;43m([39;49m[30;43mcls[39;49m[30;43m,[39;49m[30;43m [39;49m[30;43mmap[39;49m[30;43m([39;49m[30;43msubtype[39;49m[30;43m,[39;49m[30;43m [39;49m[30;43mtypes[39;49m[30;43m)[39;49m[30;43m)[39;49m

[36mFile [39m[32m/opt/hostedtoolcache/Python/3.12.14/x64/lib/python3.12/site-packages/multimethod/__init__.py:77[39m, in [36msubtype.__new__[39m[34m(cls, tp)[39m
[32m     75[39m             origin, args = typing.NewType, (arg,)
[32m     76[39m namespace = {[33m"[39m[33m__origin__[39m[33m"[39m: origin, [33m"[39m[33m__args__[39m[33m"[39m: args}
[32m---> [39m[32m77[39m [38;5;28;01mreturn[39;00m [30;43mtype[39;49m[30;43m.[39;49m[30;43m__new__[39;49m[30;43m([39;49m[30;43mcls[39;49m[30;43m,[39;49m[30;43m [39;49m[30;43mstr[39;49m[30;43m([39;49m[30;43mtp[39;49m[30;43m)[39;49m[30;43m,[39;49m[30;43m [39;49m[30;43mbases[39;49m[30;43m,[39;49m[30;43m [39;49m[30;43mnamespace[39;49m[30;43m)[39;49m

[31mTypeError[39m: metaclass conflict: the metaclass of a derived class must be a (non-strict) subclass of the metaclasses of all its bases

