Traceback (most recent call last):
  File "/opt/hostedtoolcache/Python/3.12.14/x64/lib/python3.12/site-packages/jupyter_cache/executors/utils.py", line 58, in single_nb_execution
    executenb(
  File "/opt/hostedtoolcache/Python/3.12.14/x64/lib/python3.12/site-packages/nbclient/client.py", line 1323, in execute
    return NotebookClient(nb=nb, resources=resources, km=km, **kwargs).execute()
           ^^^^^^^^^^^^^^^^^^^^^^^^^^^^^^^^^^^^^^^^^^^^^^^^^^^^^^^^^^^^^^^^^^^^^
  File "/opt/hostedtoolcache/Python/3.12.14/x64/lib/python3.12/site-packages/jupyter_core/utils/__init__.py", line 165, in wrapped
    return loop.run_until_complete(inner)
           ^^^^^^^^^^^^^^^^^^^^^^^^^^^^^^
  File "/opt/hostedtoolcache/Python/3.12.14/x64/lib/python3.12/asyncio/base_events.py", line 691, in run_until_complete
    return future.result()
           ^^^^^^^^^^^^^^^
  File "/opt/hostedtoolcache/Python/3.12.14/x64/lib/python3.12/site-packages/nbclient/client.py", line 709, in async_execute
    await self.async_execute_cell(
  File "/opt/hostedtoolcache/Python/3.12.14/x64/lib/python3.12/site-packages/nbclient/client.py", line 1062, in async_execute_cell
    await self._check_raise_for_error(cell, cell_index, exec_reply)
  File "/opt/hostedtoolcache/Python/3.12.14/x64/lib/python3.12/site-packages/nbclient/client.py", line 918, in _check_raise_for_error
    raise CellExecutionError.from_cell_and_msg(cell, exec_reply_content)
nbclient.exceptions.CellExecutionError: An error occurred while executing the following cell:
------------------
series = TimeSeries(data=ls2_data.data[:, 0], t=ls2_data.time)

# nt must divide n_samples with nt and n_samples/nt both even. WDM's frequency
# count is fixed at n_samples/nt, so nt=n_samples//64 keeps a block length of
# 64 samples (and hence ~64 frequency bins) regardless of n_samples -- this is
# the setting empirically found to give WDM/moving-periodogram RMSE and 90%
# coverage in the same ballpark (see the simulation study at the end).
wdm_data = wdm_periodogram(series, nt=ls2_data.n_samples // 64)

# m sets both the moving-periodogram's frequency count and window width; m=64
# matches WDM's fixed ~64 frequency bins above, and thin=2 keeps enough
# time blocks to resolve the process's time variation.
mp_data = moving_periodogram(ls2_data.data[:, 0], dt=1.0 / ls2_data.fs, m=64, thin=2)
mp_scatter = scattered_moving_periodogram(ls2_data.data[:, 0], dt=1.0 / ls2_data.fs, m=64, thin=2)

fig, axes = plt.subplots(1, 2, figsize=(11, 4))
mesh = axes[0].pcolormesh(
    wdm_data.time, wdm_data.frequency, np.log(wdm_data.power).T, shading="auto"
)
axes[0].set(title="WDM (gridded)", xlabel="time / record length", ylabel="Frequency [Hz]")
fig.colorbar(mesh, ax=axes[0], label="log power", shrink=0.8)

sc = axes[1].scatter(
    mp_scatter.time, mp_scatter.frequency, c=np.log(mp_scatter.power), s=10
)
axes[1].set(title="Moving periodogram (scattered)", xlabel="time / record length")
fig.colorbar(sc, ax=axes[1], label="log power", shrink=0.8)
plt.show()

------------------


[31m---------------------------------------------------------------------------[39m
[31mModuleNotFoundError[39m                       Traceback (most recent call last)
[36mCell[39m[36m [39m[32mIn[2][39m[32m, line 8[39m
[32m      4[39m [38;5;66;03m# count is fixed at n_samples/nt, so nt=n_samples//64 keeps a block length of[39;00m
[32m      5[39m [38;5;66;03m# 64 samples (and hence ~64 frequency bins) regardless of n_samples -- this is[39;00m
[32m      6[39m [38;5;66;03m# the setting empirically found to give WDM/moving-periodogram RMSE and 90%[39;00m
[32m      7[39m [38;5;66;03m# coverage in the same ballpark (see the simulation study at the end).[39;00m
[32m----> [39m[32m8[39m wdm_data = wdm_periodogram(series, nt=ls2_data.n_samples // [32m64[39m)
[32m      9[39m 
[32m     10[39m [38;5;66;03m# m sets both the moving-periodogram's frequency count and window width; m=64[39;00m
[32m     11[39m [38;5;66;03m# matches WDM's fixed ~64 frequency bins above, and thin=2 keeps enough[39;00m

[36mFile [39m[32m~/work/LogPSplinePSD/LogPSplinePSD/src/log_psplines/preprocessing/wdm.py:22[39m, in [36mwdm_periodogram[39m[34m(series, nt, trim_time, trim_low, trim_high)[39m
[32m      9[39m [38;5;28;01mdef[39;00m[38;5;250m [39m[34mwdm_periodogram[39m(
[32m     10[39m     series: TimeSeries,
[32m     11[39m     *,
[32m   (...)[39m[32m     15[39m     trim_high: [38;5;28mint[39m = [32m1[39m,
[32m     16[39m ) -> PowerSpectrum:
[32m     17[39m [38;5;250m    [39m[33;03m"""Transform one channel, preserving WDM coefficient-variance units.[39;00m
[32m     18[39m 
[32m     19[39m [33;03m    Time is divided by the full duration. No automatic cropping, calibration,[39;00m
[32m     20[39m [33;03m    coarse graining or detrending is performed.[39;00m
[32m     21[39m [33;03m    """[39;00m
[32m---> [39m[32m22[39m     [38;5;28;01mfrom[39;00m[38;5;250m [39m[34;01mwdm_transform[39;00m[38;5;250m [39m[38;5;28;01mimport[39;00m TimeSeries [38;5;28;01mas[39;00m WDMTimeSeries
[32m     24[39m     [38;5;28;01mif[39;00m series.data.shape[[32m1[39m] != [32m1[39m:
[32m     25[39m         [38;5;28;01mraise[39;00m [38;5;167;01mNotImplementedError[39;00m(
[32m     26[39m             [33m"[39m[33mWDM inference currently supports one channel[39m[33m"[39m
[32m     27[39m         )

[31mModuleNotFoundError[39m: No module named 'wdm_transform'

